------------------------------------------------------------
Timing Analyzer Summary
------------------------------------------------------------

Type  : Slow 1100mV 85C Model Setup 'clk'
Slack : -1.545
TNS   : -14.623

Type  : Slow 1100mV 85C Model Hold 'clk'
Slack : 0.549
TNS   : 0.000

Type  : Slow 1100mV 85C Model Minimum Pulse Width 'clk'
Slack : -0.724
TNS   : -13.333

Type  : Slow 1100mV 0C Model Setup 'clk'
Slack : -1.475
TNS   : -14.943

Type  : Slow 1100mV 0C Model Hold 'clk'
Slack : 0.522
TNS   : 0.000

Type  : Slow 1100mV 0C Model Minimum Pulse Width 'clk'
Slack : -0.724
TNS   : -13.330

Type  : Fast 1100mV 85C Model Setup 'clk'
Slack : 0.110
TNS   : 0.000

Type  : Fast 1100mV 85C Model Hold 'clk'
Slack : 0.247
TNS   : 0.000

Type  : Fast 1100mV 85C Model Minimum Pulse Width 'clk'
Slack : -0.090
TNS   : -1.053

Type  : Fast 1100mV 0C Model Setup 'clk'
Slack : 0.174
TNS   : 0.000

Type  : Fast 1100mV 0C Model Hold 'clk'
Slack : 0.218
TNS   : 0.000

Type  : Fast 1100mV 0C Model Minimum Pulse Width 'clk'
Slack : -0.088
TNS   : -1.034

------------------------------------------------------------
